// Jest Snapshot v1, https://goo.gl/fbAQLP

exports[`Home Page should match the snapshot 1`] = `
<DocumentFragment>
  <div
    class="flex min-h-screen items-center justify-center bg-[#f8fafc]"
  >
    <div
      class="absolute inset-0 overflow-hidden"
    >
      <div
        class="absolute -top-[10%] -left-[10%] h-[40%] w-[40%] rounded-full bg-gray-100 blur-[120px]"
      />
      <div
        class="absolute -bottom-[10%] -right-[10%] h-[40%] w-[40%] rounded-full bg-slate-200/50 blur-[120px]"
      />
    </div>
    <div
      class="relative z-10 w-full max-w-2xl px-6"
    >
      <div
        class="overflow-hidden rounded-3xl border border-gray-200/50 bg-white/70 p-12 shadow-[0_8px_30px_rgb(0,0,0,0.04)] backdrop-blur-xl transition-all hover:shadow-[0_20px_50px_rgba(0,0,0,0.08)]"
      >
        <div
          class="text-center"
        >
          <h1
            class="text-6xl font-black tracking-tighter text-gray-900 md:text-7xl"
          >
            Welcome to 
            <br />
            <span
              class="bg-gradient-to-b from-gray-900 to-gray-500 bg-clip-text text-transparent"
            >
              Backend
            </span>
          </h1>
          <p
            class="mt-8 text-lg leading-relaxed text-gray-500"
          >
            Системийн өгөгдөл, хэрэглэгч болон тохиргоог удирдах 
            <br
              class="hidden md:block"
            />
            төв хяналтын хэсэгт тавтай морилно уу.
          </p>
          <div
            class="mt-10 flex flex-col items-center justify-center gap-4 sm:flex-row"
          >
            <button
              class="w-full rounded-xl bg-gray-900 px-8 py-4 font-medium text-white transition-all hover:bg-gray-800 hover:shadow-lg sm:w-auto"
            >
              <a
                href="https://studio.apollographql.com/sandbox/explorer?endpoint=https://105-ochko-need-new-branch.cloudflare-pine-club.pages.dev/api/graphql"
              >
                 Системд нэвтрэх
              </a>
            </button>
          </div>
        </div>
      </div>
      <p
        class="mt-8 text-center text-sm text-gray-400"
      >
        © 2026 Бүх эрх хуулиар хамгаалагдаагүй.
      </p>
    </div>
  </div>
</DocumentFragment>
`;
